
// ==========================================================================
//  GPLEX error listing for lex source file <Chat.Language.analyzer.lex>
// ==========================================================================
//  Version:  1.2.2
//  Machine:  CBRAIN-PC412
//  DateTime: 22-05-2020 12:31:43
//  UserName: jw
// ==========================================================================


%namespace ZimmerBot.Core.Parser
%scannertype ChatScanner
%visibility internal
%tokentype Token
%using ZimmerBot.Core.Parser;

%option stack, minimize, parser, verbose, persistbuffer, noembedbuffers 

Word       [[:IsLetter:]_]+[[:IsLetter:]0-9_-]*
//-----------------------------------------^^
// Warning: No upper bound to range, "'_','-'" included as set class members
// -------------------------------------------------------------------------
Number     [0-9]+(\.[0-9]+)?
EMail      [a-zA-Z0-9+-_]+(\.[a-zA-Z0-9+-_])*@([a-zA-Z0-9]([a-zA-Z0-9\-]*[a-zA-Z0-9])?\.)+[a-zA-Z0-9]([a-z0-9\-]*[a-z0-9])?
URL        (https?:\/\/|www\.)[a-zA-Z+&@#/%=~_?!:;,.]*[a-zA-Z+&@#/%=~_?!:;]+
Delimiter  (\r\n?|\n|\.|\?|;|:)
NotWh      [^ \t\r\n]
Space      [ \t]
Other      .

%x str

%{
 StringBuilder StringInput = null;
%}

%%

/* Scanner body */

\"          { StringInput = new StringBuilder(); BEGIN(str); }

{Word}		  { yylval.t = new ZTokenWord(yytext); return (int)Token.T_WORD; }

// Not really used
// {Number}		{ yylval.t = new ZToken(yytext, ZToken.TokenType.Number); return (int)Token.T_NUMBER; }
// {EMail}		  { yylval.t = new ZToken(yytext, ZToken.TokenType.EMail); return (int)Token.T_EMAIL; }
// {URL}		    { yylval.t = new ZToken(yytext, ZToken.TokenType.EMail); return (int)Token.T_URL; }

{Delimiter}	{ yylval.t = new ZTokenWord(yytext); return (int)Token.T_DELIMITER; }

{Space}+		/* skip */

{Other}     /* skip */

<str>[^\n\"]* { StringInput.Append(yytext); }
<str>\"       { 
                BEGIN(INITIAL); 
                yylval.t = new ZTokenWord(StringInput.ToString()); 
                return (int)Token.T_STRING; 
              }

%%// ==========================================================================

