
// ==========================================================================
//  GPLEX error listing for lex source file <Template.Language.analyzer.lex>
// ==========================================================================
//  Version:  1.2.2
//  Machine:  JORN-PC
//  DateTime: 27-03-2016 21:18:25
//  UserName: Jorn
// ==========================================================================


%namespace ZimmerBot.Core.TemplateParser
%scannertype TemplateScanner
%visibility internal
%tokentype Token

%option stack, minimize, parser, verbose, persistbuffer, noembedbuffers 

%{
%}

%%

\{@[ \t]*  { return (int)Token.T_LTAG; }
[ \t]*\}   { return (int)Token.T_RTAG; }
//^^^^^^
// Warning: This pattern always overrides "\}" 
// --------------------------------------------
[^{}@]+    { yylval.s = yytext; return (int)Token.T_TEXT; }
\{         { yylval.s = yytext; return (int)Token.T_TEXT; }
\}         { yylval.s = yytext; return (int)Token.T_TEXT; }
// Warning: This pattern always overridden by "[ \t]*\}" 
// ------------------------------------------------------


%%// ==========================================================================

