
// ==========================================================================
//  GPPG error listing for yacc source file <TemplateParser\Template.Language.grammar.y - 27-03-2016 08:30:52>
// ==========================================================================
//  Version:  1.5.2
//  Machine:  JORN-PC
//  DateTime: 27-03-2016 08:30:55
//  UserName: Jorn
// ==========================================================================


%namespace ZimmerBot.Core.TemplateParser
%partial
%parsertype TemplateParser
%visibility internal
%tokentype Token

%union 
{ 
  public TemplateToken token;
  public SequenceTemplateToken tokenSequence;
  public string s;
}

%start main

%token T_TEXT
%token T_LTAG
%token T_RTAG

%%
// Warning: NonTerminal symbol "tokenSeq" is unreachable
// Warning: NonTerminal symbol "token" is unreachable
// Error: NonTerminal symbol "tokenSequence" has no productions
// Error: There are 3 non-terminating NonTerminal Symbols
   //  {main, $accept, tokenSequence}
// Warning: Terminating tokenSequence fixes the following size-3 NonTerminal set
   // {main, $accept, tokenSequence}
// -----------------------------------------------------------------------------

main
  : tokenSequence
  ;

tokenSeq
  : tokenSeq token { $1.tokenSequence.Add($2.token); $$.tokenSequence = $1.tokenSequence; }
  | /* empty */    { $$.tokenSequence = new SequenceTemplateToken(); }
  ;

token
  : T_TEXT                       { $$.token = new TextTemplateToken($1.s); }
  | T_LTAG tokenSequence T_RTAG  { $$.token = new RedirectTemplateToken($1.tokenSequence); }
  ;


%%// ==========================================================================

