
// ==========================================================================
//  GPLEX error listing for lex source file <Template.Language.analyzer.lex>
// ==========================================================================
//  Version:  1.2.2
//  Machine:  JORN-PC
//  DateTime: 31-03-2016 08:23:00
//  UserName: Jorn
// ==========================================================================


%namespace ZimmerBot.Core.TemplateParser
%scannertype TemplateScanner
%visibility internal
%tokentype Token

%option stack, minimize, parser, verbose, persistbuffer, noembedbuffers 

%{
%}

%%

\<\<[ \t]*   { return (int)Token.T_LTAG; }
[ \t]*\>\>   { return (int)Token.T_RTAG; }
[^<>]+       { yylval.s = yytext; return (int)Token.T_TEXT; }
\<           { yytext); yylval.s = yytext; return (int)Token.T_TEXT; }
//-----------^^^^^^^^^^^^^^^^^^^^^^^^^^^^^^^^^^^^^^^^^^^^^^^^^^^^^^^^^
// Error: Invalid action
// Error: Parser error <Syntax error, unexpected )> 
// -------------------------------------------------
\>           { yytext); yylval.s = yytext; return (int)Token.T_TEXT; }
//-----------^^^^^^^^^^^^^^^^^^^^^^^^^^^^^^^^^^^^^^^^^^^^^^^^^^^^^^^^^
// Error: Invalid action
// ---------------------

%%// ==========================================================================

